2026-08-20 10:08:34.183: [INFO] CurrentProfilePath: C:\Users\20231204010053\Documents\Aulas-PI\.metadata\.plugins\org.eclipse.swt\EBWebView\Default
2026-08-20 10:08:34.183: [INFO] Profiles total count: 1
2026-08-20 10:08:34.183: [INFO] Profile: name=Perfil 1 path=C:\Users\20231204010053\Documents\Aulas-PI\.metadata\.plugins\org.eclipse.swt\EBWebView\Default lastActive=null
2026-08-20 10:08:34.183: [INFO] LastUsedProfileDir: C:\Users\20231204010053\Documents\Aulas-PI\.metadata\.plugins\org.eclipse.swt\EBWebView\Default
2026-08-20 10:08:34.183: [INFO] OnDoneLoading sync enabled: 0
2026-08-20 10:08:34.183: [INFO] BookmarkModelLoaded, ids_reassigned: 0
2026-08-20 10:08:34.183: [INFO] BookmarksLoadDropped droppedNodes=0
2026-08-20 10:08:34.183: [INFO] BookmarksSnapshot Startup total=0 bar=0 other=0 mobile=0 showBar=0 showBarNTP=1
2026-08-20 10:08:39.612: [INFO] BookmarksSnapshot Shutdown total=0 bar=0 other=0 mobile=0 showBar=0 showBarNTP=1
2026-08-20 10:08:48.430: [INFO] CurrentProfilePath: C:\Users\20231204010053\Documents\Aulas-PI\.metadata\.plugins\org.eclipse.swt\EBWebView\Default
2026-08-20 10:08:48.430: [INFO] Profiles total count: 1
2026-08-20 10:08:48.431: [INFO] Profile: name=Perfil 1 path=C:\Users\20231204010053\Documents\Aulas-PI\.metadata\.plugins\org.eclipse.swt\EBWebView\Default lastActive=2026-08-20T10:08:35.227Z
2026-08-20 10:08:48.431: [INFO] LastUsedProfileDir: C:\Users\20231204010053\Documents\Aulas-PI\.metadata\.plugins\org.eclipse.swt\EBWebView\Default
2026-08-20 10:08:48.431: [INFO] MostRecentlyActiveProfile: name=Perfil 1 path=C:\Users\20231204010053\Documents\Aulas-PI\.metadata\.plugins\org.eclipse.swt\EBWebView\Default lastActive=2026-08-20T10:08:35.227Z
2026-08-20 10:08:48.431: [INFO] OnDoneLoading sync enabled: 0
2026-08-20 10:08:48.431: [INFO] BookmarkModelLoaded, ids_reassigned: 0
2026-08-20 10:08:48.431: [INFO] BookmarksLoadDropped droppedNodes=0
2026-08-20 10:08:48.431: [INFO] BookmarksSnapshot Startup total=0 bar=0 other=0 mobile=0 showBar=0 showBarNTP=1
2026-08-20 10:08:55.138: [INFO] BookmarksSnapshot Shutdown total=0 bar=0 other=0 mobile=0 showBar=0 showBarNTP=1
2026-08-20 10:15:45.638: [INFO] CurrentProfilePath: C:\Users\20231204010053\Aulas-PI\.metadata\.plugins\org.eclipse.swt\EBWebView\Default
2026-08-20 10:15:45.638: [INFO] Profiles total count: 1
2026-08-20 10:15:45.638: [INFO] Profile: name=Perfil 1 path=C:\Users\20231204010053\Aulas-PI\.metadata\.plugins\org.eclipse.swt\EBWebView\Default lastActive=2026-08-20T10:08:53.623Z
2026-08-20 10:15:45.638: [INFO] LastUsedProfileDir: C:\Users\20231204010053\Aulas-PI\.metadata\.plugins\org.eclipse.swt\EBWebView\Default
2026-08-20 10:15:45.638: [INFO] MostRecentlyActiveProfile: name=Perfil 1 path=C:\Users\20231204010053\Aulas-PI\.metadata\.plugins\org.eclipse.swt\EBWebView\Default lastActive=2026-08-20T10:08:53.623Z
2026-08-20 10:15:45.638: [INFO] OnDoneLoading sync enabled: 0
2026-08-20 10:15:45.638: [INFO] BookmarkModelLoaded, ids_reassigned: 0
2026-08-20 10:15:45.638: [INFO] BookmarksLoadDropped droppedNodes=0
2026-08-20 10:15:45.638: [INFO] BookmarksSnapshot Startup total=0 bar=0 other=0 mobile=0 showBar=0 showBarNTP=1
2026-08-20 10:17:15.311: [INFO] BookmarksSnapshot Shutdown total=0 bar=0 other=0 mobile=0 showBar=0 showBarNTP=1
